Microchip MPLAB XC8 Compiler V1.43 ()

Linker command line:

-W-3 --edf=C:\Program Files (x86)\Microchip\xc8\v1.43\dat\en_msgs.txt -cs \
  -h+dist/default/production\proy_pic18f_Timer0_LCD.X.production.sym \
  --cmf=dist/default/production\proy_pic18f_Timer0_LCD.X.production.cmf -z \
  -Q18F4550 -oC:\Users\ALANSU~1\AppData\Local\Temp\sdto.2 \
  -Mdist/default/production/proy_pic18f_Timer0_LCD.X.production.map -E1 \
  -ver=XC8 -ASTACK=0FAh-07ffh -pstack=STACK -ACODE=00h-07FFFh \
  -ACONST=00h-07FFFh -ASMALLCONST=0800h-08FFhx120 \
  -AMEDIUMCONST=0800h-07FFFh -ACOMRAM=01h-05Fh -AABS1=00h-07FFh \
  -ABIGRAM=01h-07FFh -ARAM=060h-0FFh,0100h-01FFhx7 -ABANK0=060h-0FFh \
  -ABANK1=0100h-01FFh -ABANK2=0200h-02FFh -ABANK3=0300h-03FFh \
  -ABANK4=0400h-04FFh -ABANK5=0500h-05FFh -ABANK6=0600h-06FFh \
  -ABANK7=0700h-07FFh -ASFR=0F60h-0FFFh \
  -preset_vec=00h,intcode=08h,intcodelo,powerup,init -pramtop=0800h \
  -psmallconst=SMALLCONST -pmediumconst=MEDIUMCONST -pconst=CONST \
  -AFARRAM=00h-00h -ACONFIG=0300000h-030000Dh -pconfig=CONFIG \
  -AIDLOC=0200000h-0200007h -pidloc=IDLOC -AEEDATA=0F00000h-0F000FFh \
  -peeprom_data=EEDATA \
  -prdata=COMRAM,nvrram=COMRAM,nvbit=COMRAM,rbss=COMRAM,rbit=COMRAM \
  -pfarbss=FARRAM,fardata=FARRAM,nvFARRAM=FARRAM \
  -pintsave_regs=BIGRAM,bigbss=BIGRAM,bigdata=BIGRAM -pbss=RAM \
  -pidata=CODE,irdata=CODE,ibigdata=CODE,ifardata=CODE -prparam=COMRAM \
  C:\Users\ALANSU~1\AppData\Local\Temp\sdto.obj \
  dist/default/production\proy_pic18f_Timer0_LCD.X.production.obj 

Object code version is 3.11

Machine type is 18F4550

Call graph: (short form)




                Name                               Link     Load   Length Selector   Space Scale
C:\Users\ALANSU~1\AppData\Local\Temp\sdto.obj
                init                                  E        E        4        4       0
                reset_vec                             0        0        4        0       0
                idloc                            200000   200000        8   200000       0
                config                           300000   300000        E   300000       0
dist/default/production\proy_pic18f_Timer0_LCD.X.production.obj
                intcode                               8        8        6        4       0
                temp                                 49       49        1        1       1
                mediumconst                        7ED6     7ED6      12A     3F6B       0
                text48                             286E     286E        2        4       0
                text47                             283E     283E        A        4       0
                text46                             271E     271E       2E        4       0
                text45                             286C     286C        2        4       0
                text44                             2782     2782       1A        4       0
                text43                             2850     2850        8        4       0
                text42                             1C86     1C86      252        4       0
                text41                             286A     286A        2        4       0
                text40                             2868     2868        2        4       0
                text39                             2866     2866        2        4       0
                text38                             2864     2864        2        4       0
                text37                             2862     2862        2        4       0
                text36                             2834     2834        A        4       0
                text35                             279C     279C       18        4       0
                text34                             2860     2860        2        4       0
                text33                             285E     285E        2        4       0
                text32                             285C     285C        2        4       0
                text31                             26F0     26F0       2E        4       0
                intcode_body                       1ED8     1ED8      166        4       0
                text29                             2848     2848        8        4       0
                text28                             2686     2686       3A        4       0
                text27                             260C     260C       3E        4       0
                text26                             25CE     25CE       3E        4       0
                text25                             244C     244C       56        4       0
                text24                             26C0     26C0       30        4       0
                text23                             274C     274C       1C        4       0
                text22                             282A     282A        A        4       0
                text21                             2814     2814        C        4       0
                text20                             2858     2858        4        4       0
                text19                             2820     2820        A        4       0
                text18                             2768     2768       1A        4       0
                text17                             27CA     27CA       16        4       0
                text16                             27F2     27F2       12        4       0
                text15                             24F4     24F4       52        4       0
                text14                             2296     2296       A4        4       0
                text13                             264A     264A       3C        4       0
                text12                             27B4     27B4       16        4       0
                text11                             27E0     27E0       12        4       0
                text10                             239A     239A       5C        4       0
                text9                              24A2     24A2       52        4       0
                text8                              258C     258C       42        4       0
                text7                              203E     203E      148        4       0
                text6                              2186     2186      110        4       0
                text5                              157C     157C      70A        4       0
                text4                               E72      E72      70A        4       0
                text3                                12       12      746        4       0
                text2                               758      758      71A        4       0
                text1                              23F6     23F6       56        4       0
                text0                              233A     233A       60        4       0
                cstackCOMRAM                          1        1       33        1       1
                cstackBANK0                          D4       D4       16       60       1
                dataBANK0                            EA       EA       10       60       1
                bssBANK0                             60       60       74       60       1
                bssCOMRAM                            34       34       15        1       1
                cinit                              2546     2546       46        4       0
                idataBANK0                         2804     2804       10        4       0

TOTAL           Name                               Link     Load   Length     Space
        CLASS   STACK          

        CLASS   CODE           
                intcode                               8        8        6         0
                init                                  E        E        4         0
                reset_vec                             0        0        4         0
                text48                             286E     286E        2         0
                text47                             283E     283E        A         0
                text46                             271E     271E       2E         0
                text45                             286C     286C        2         0
                text44                             2782     2782       1A         0
                text43                             2850     2850        8         0
                text42                             1C86     1C86      252         0
                text41                             286A     286A        2         0
                text40                             2868     2868        2         0
                text39                             2866     2866        2         0
                text38                             2864     2864        2         0
                text37                             2862     2862        2         0
                text36                             2834     2834        A         0
                text35                             279C     279C       18         0
                text34                             2860     2860        2         0
                text33                             285E     285E        2         0
                text32                             285C     285C        2         0
                text31                             26F0     26F0       2E         0
                intcode_body                       1ED8     1ED8      166         0
                text29                             2848     2848        8         0
                text28                             2686     2686       3A         0
                text27                             260C     260C       3E         0
                text26                             25CE     25CE       3E         0
                text25                             244C     244C       56         0
                text24                             26C0     26C0       30         0
                text23                             274C     274C       1C         0
                text22                             282A     282A        A         0
                text21                             2814     2814        C         0
                text20                             2858     2858        4         0
                text19                             2820     2820        A         0
                text18                             2768     2768       1A         0
                text17                             27CA     27CA       16         0
                text16                             27F2     27F2       12         0
                text15                             24F4     24F4       52         0
                text14                             2296     2296       A4         0
                text13                             264A     264A       3C         0
                text12                             27B4     27B4       16         0
                text11                             27E0     27E0       12         0
                text10                             239A     239A       5C         0
                text9                              24A2     24A2       52         0
                text8                              258C     258C       42         0
                text7                              203E     203E      148         0
                text6                              2186     2186      110         0
                text5                              157C     157C      70A         0
                text4                               E72      E72      70A         0
                text3                                12       12      746         0
                text2                               758      758      71A         0
                text1                              23F6     23F6       56         0
                text0                              233A     233A       60         0
                cinit                              2546     2546       46         0
                idataBANK0                         2804     2804       10         0

        CLASS   CONST          

        CLASS   SMALLCONST     

        CLASS   MEDIUMCONST    
                mediumconst                        7ED6     7ED6      12A         0

        CLASS   COMRAM         
                temp                                 49       49        1         1
                cstackCOMRAM                          1        1       33         1
                bssCOMRAM                            34       34       15         1

        CLASS   ABS1           

        CLASS   BIGRAM         

        CLASS   RAM            

        CLASS   BANK0          
                cstackBANK0                          D4       D4       16         1
                dataBANK0                            EA       EA       10         1
                bssBANK0                             60       60       74         1

        CLASS   BANK1          

        CLASS   BANK2          

        CLASS   BANK3          

        CLASS   BANK4          

        CLASS   BANK5          

        CLASS   BANK6          

        CLASS   BANK7          

        CLASS   SFR            

        CLASS   FARRAM         

        CLASS   CONFIG         
                config                           300000   300000        E         0

        CLASS   IDLOC          
                idloc                            200000   200000        8         0

        CLASS   EEDATA         



SEGMENTS        Name                           Load    Length   Top    Selector   Space  Class

                reset_vec                      000000  000004  000004         0       0  CODE    
                cstackCOMRAM                   000001  000049  00004A         1       1  COMRAM  
                intcode                        000008  002868  002870         4       0  CODE    
                bssBANK0                       000060  00009A  0000FA        60       1  BANK0   
                mediumconst                    007ED6  00012A  008000      3F6B       0  MEDIUMCO
                idloc                          200000  000008  200008    200000       0  IDLOC   
                config                         300000  00000E  30000E    300000       0  CONFIG  


UNUSED ADDRESS RANGES

        Name                Unused          Largest block    Delta
        BANK0            0000FA-0000FF                6
        BANK1            000100-0001FF              100
        BANK2            000200-0002FF              100
        BANK3            000300-0003FF              100
        BANK4            000400-0004FF              100
        BANK5            000500-0005FF              100
        BANK6            000600-0006FF              100
        BANK7            000700-0007FF              100
        BIGRAM           00004A-00005F               16
                         0000FA-0007FF              706
        CODE             000004-000007                4
                         002870-007ED5             5666
        COMRAM           00004A-00005F               16
        CONST            000004-000007                4
                         002870-007ED5             5666
        EEDATA           F00000-F000FF              100
        MEDIUMCONST      002870-007ED5             5666
        RAM              0000FA-0007FF              100
        SFR              000F60-000FFF               A0
        SMALLCONST       002870-007ED5              100
        STACK            0000FA-0007FF              706

                                  Symbol Table

?_ADC_GetConversion                    cstackCOMRAM 000016
?___lwdiv                              cstackCOMRAM 000016
?___lwmod                              cstackCOMRAM 00001D
?_changeStages                         cstackBANK0  0000D4
?_juego4                               cstackCOMRAM 000030
?_sprintf                              cstackCOMRAM 000022
ADC_GetConversion@channel              cstackCOMRAM 00001A
Delay10KTCYx@unit                      cstackCOMRAM 000017
I2C1_ISR@i2c_10bit_address_restart     bssCOMRAM    00003D
I2C1_ISR@i2c_address                   bssCOMRAM    000047
I2C1_ISR@i2c_bytes_left                bssCOMRAM    00003E
I2C1_ISR@pi2c_buf_ptr                  bssBANK0     0000B3
I2C1_MasterRead@trBlock                bssBANK0     0000C2
I2C1_MasterWrite@trBlock               bssBANK0     0000C8
INTERRUPT_InterruptManager@__portb__   cstackCOMRAM 000015
OpenXLCD@lcdtype                       cstackCOMRAM 00001A
SetDDRamAddr@DDaddr                    cstackCOMRAM 000019
TMR0_WriteTimer@timerVal               cstackCOMRAM 000016
WriteCmdXLCD@cmd                       cstackCOMRAM 000016
WriteDataXLCD@data                     cstackCOMRAM 000016
WriteSWSPI@input                       bssCOMRAM    000046
_ADCON0                                (abs)        000FC2
_ADCON0bits                            (abs)        000FC2
_ADCON1bits                            (abs)        000FC1
_ADCON2                                (abs)        000FC0
_ADC_Buffer                            bssBANK0     000092
_ADC_GetConversion                     text24       0026C0
_ADC_ISR                               text48       00286E
_ADC_Value                             bssBANK0     0000B1
_ADC_Value2                            bssBANK0     0000AD
_ADRESH                                (abs)        000FC4
_ADRESL                                (abs)        000FC3
_BAUDCON                               (abs)        000FB8
_BusyXLCD                              text28       002686
_CCP2CON                               (abs)        000FBA
_CCPR2H                                (abs)        000FBC
_CCPR2L                                (abs)        000FBB
_Delay10KTCYx                          text17       0027CA
_DelayFor18TCY                         text29       002848
_DelayPORXLCD                          text16       0027F2
_EEADR                                 (abs)        000FA9
_EECON1bits                            (abs)        000FA6
_EECON2                                (abs)        000FA7
_EEDATA                                (abs)        000FA8
_EUSART1_Receive_ISR                   text47       00283E
_EUSART1_Transmit_ISR                  text46       00271E
_I2C1_BusCollisionISR                  text45       00286C
_I2C1_FunctionComplete                 text44       002782
_I2C1_ISR                              text42       001C86
_I2C1_Stop                             text43       002850
_INTCON2bits                           (abs)        000FF1
_INTCON3bits                           (abs)        000FF0
_INTCONbits                            (abs)        000FF2
_INTERRUPT_Initialize                  text23       00274C
_INTERRUPT_InterruptManager            intcode      000008
_IPEN                                  (abs)        007E87
_IPR1bits                              (abs)        000F9F
_IPR2bits                              (abs)        000FA2
_LATDbits                              (abs)        000F8C
_MEMORY_ISR                            text41       00286A
_OSCCON                                (abs)        000FD3
_OSCILLATOR_Initialize                 text22       00282A
_OSCTUNE                               (abs)        000F9B
_OpenXLCD                              text14       002296
_PIE1bits                              (abs)        000F9D
_PIE2bits                              (abs)        000FA0
_PIN_MANAGER_INT0                      text40       002868
_PIN_MANAGER_INT1                      text39       002866
_PIN_MANAGER_INT2                      text38       002864
_PIN_MANAGER_IOC                       text37       002862
_PIN_MANAGER_Initialize                text21       002814
_PIR1bits                              (abs)        000F9E
_PIR2bits                              (abs)        000FA1
_PORTB                                 (abs)        000F81
_PORTBbits                             (abs)        000F81
_PORTD                                 (abs)        000F83
_PR2                                   (abs)        000FCB
_RB0                                   (abs)        007C08
_RB1                                   (abs)        007C09
_RB2                                   (abs)        007C0A
_RB3                                   (abs)        007C0B
_RCSTA1                                (abs)        000FAB
_RCSTA1bits                            (abs)        000FAB
_SPBRG1                                (abs)        000FAF
_SPBRGH                                (abs)        000FB0
_SSPADD                                (abs)        000FC8
_SSPBUF                                (abs)        000FC9
_SSPCON1                               (abs)        000FC6
_SSPCON1bits                           (abs)        000FC6
_SSPCON2                               (abs)        000FC5
_SSPCON2bits                           (abs)        000FC5
_SSPSTAT                               (abs)        000FC7
_SSPSTATbits                           (abs)        000FC7
_SYSTEM_Initialize                     text12       0027B4
_SetDDRamAddr                          text15       0024F4
_T0CON                                 (abs)        000FD5
_T0CONbits                             (abs)        000FD5
_T1CON                                 (abs)        000FCD
_T1CONbits                             (abs)        000FCD
_T2CON                                 (abs)        000FCA
_T2CONbits                             (abs)        000FCA
_T3CON                                 (abs)        000FB1
_T3CONbits                             (abs)        000FB1
_TABLAT                                (abs)        000FF5
_TBLPTRH                               (abs)        000FF7
_TBLPTRL                               (abs)        000FF6
_TBLPTRU                               (abs)        000FF8
_TMR0H                                 (abs)        000FD7
_TMR0L                                 (abs)        000FD6
_TMR0_ISR                              text35       00279C
_TMR0_Initialize                       text18       002768
_TMR0_StartTimer                       text20       002858
_TMR0_WriteTimer                       text19       002820
_TMR1H                                 (abs)        000FCF
_TMR1L                                 (abs)        000FCE
_TMR1_ISR                              text34       002860
_TMR1_InterruptHandler                 bssBANK0     0000BD
_TMR2                                  (abs)        000FCC
_TMR2_ISR                              text33       00285E
_TMR2_InterruptHandler                 bssBANK0     0000BB
_TMR3                                  (abs)        000FB2
_TMR3H                                 (abs)        000FB3
_TMR3L                                 (abs)        000FB2
_TMR3_DefaultInterruptHandler          text32       00285C
_TMR3_ISR                              text31       0026F0
_TMR3_InterruptHandler                 bssBANK0     0000B9
_TRISAbits                             (abs)        000F92
_TRISB                                 (abs)        000F93
_TRISBbits                             (abs)        000F93
_TRISD                                 (abs)        000F95
_TRISDbits                             (abs)        000F95
_TXREG1                                (abs)        000FAD
_TXSTA1                                (abs)        000FAC
_Temp                                  bssBANK0     0000AB
_Timer0_Counter                        bssBANK0     0000C1
_Timer0_Flag                           bssBANK0     0000C0
_WriteCmdXLCD                          text27       00260C
_WriteDataXLCD                         text26       0025CE
_XLCD_Initialize                       text13       00264A
__CFG_BOR$OFF                          (abs)        000000
__CFG_BORV$3                           (abs)        000000
__CFG_CCP2MX$OFF                       (abs)        000000
__CFG_CP0$OFF                          (abs)        000000
__CFG_CP1$OFF                          (abs)        000000
__CFG_CP2$OFF                          (abs)        000000
__CFG_CP3$OFF                          (abs)        000000
__CFG_CPB$OFF                          (abs)        000000
__CFG_CPD$OFF                          (abs)        000000
__CFG_CPUDIV$OSC3_PLL4                 (abs)        000000
__CFG_EBTR0$OFF                        (abs)        000000
__CFG_EBTR1$OFF                        (abs)        000000
__CFG_EBTR2$OFF                        (abs)        000000
__CFG_EBTR3$OFF                        (abs)        000000
__CFG_EBTRB$OFF                        (abs)        000000
__CFG_FCMEN$OFF                        (abs)        000000
__CFG_FOSC$HSPLL_HS                    (abs)        000000
__CFG_ICPRT$OFF                        (abs)        000000
__CFG_IESO$OFF                         (abs)        000000
__CFG_LPT1OSC$OFF                      (abs)        000000
__CFG_LVP$OFF                          (abs)        000000
__CFG_MCLRE$ON                         (abs)        000000
__CFG_PBADEN$OFF                       (abs)        000000
__CFG_PLLDIV$5                         (abs)        000000
__CFG_PWRT$ON                          (abs)        000000
__CFG_STVREN$OFF                       (abs)        000000
__CFG_USBDIV$2                         (abs)        000000
__CFG_VREGEN$OFF                       (abs)        000000
__CFG_WDT$OFF                          (abs)        000000
__CFG_WDTPS$32768                      (abs)        000000
__CFG_WRT0$OFF                         (abs)        000000
__CFG_WRT1$OFF                         (abs)        000000
__CFG_WRT2$OFF                         (abs)        000000
__CFG_WRT3$OFF                         (abs)        000000
__CFG_WRTB$OFF                         (abs)        000000
__CFG_WRTC$OFF                         (abs)        000000
__CFG_WRTD$OFF                         (abs)        000000
__CFG_XINST$OFF                        (abs)        000000
__HRAM                                 (abs)        000000
__Habs1                                abs1         000000
__Hbank0                               bank0        000000
__Hbank1                               bank1        000000
__Hbank2                               bank2        000000
__Hbank3                               bank3        000000
__Hbank4                               bank4        000000
__Hbank5                               bank5        000000
__Hbank6                               bank6        000000
__Hbank7                               bank7        000000
__Hbigbss                              bigbss       000000
__Hbigdata                             bigdata      000000
__Hbigram                              bigram       000000
__Hbss                                 bss          000000
__HbssBANK0                            bssBANK0     000000
__HbssCOMRAM                           bssCOMRAM    000000
__Hcinit                               cinit        000000
__Hclrtext                             clrtext      000000
__Hcomram                              comram       000000
__Hconfig                              config       30000E
__Hconst                               const        000000
__HcstackBANK0                         cstackBANK0  000000
__HcstackCOMRAM                        cstackCOMRAM 000000
__Hdata                                data         000000
__HdataBANK0                           dataBANK0    000000
__Heeprom_data                         eeprom_data  000000
__Hfarbss                              farbss       000000
__Hfardata                             fardata      000000
__Hibigdata                            ibigdata     000000
__Hidata                               idata        000000
__HidataBANK0                          idataBANK0   000000
__Hidloc                               idloc        200008
__Hifardata                            ifardata     000000
__Hinit                                init         000012
__Hintcode                             intcode      00000E
__Hintcode_body                        intcode_body 000000
__Hintcodelo                           intcodelo    00000E
__Hintentry                            intentry     000000
__Hintret                              intret       000000
__Hintsave_regs                        intsave_regs 000000
__Hirdata                              irdata       000000
__Hmediumconst                         mediumconst  008000
__HnvFARRAM                            nvFARRAM     000000
__Hnvbit                               nvbit        000000
__Hnvrram                              nvrram       000000
__Hparam                               rparam       000000
__Hpowerup                             powerup      00000E
__Hram                                 ram          000000
__Hramtop                              ramtop       000800
__Hrbit                                rbit         000000
__Hrbss                                rbss         000000
__Hrdata                               rdata        000000
__Hreset_vec                           reset_vec    000004
__Hrparam                              rparam       000000
__Hsfr                                 sfr          000000
__Hsmallconst                          smallconst   000000
__Hspace_0                             (abs)        30000E
__Hspace_1                             (abs)        0000FA
__Hspace_2                             (abs)        000000
__Hstack                               stack        000000
__Hstruct                              struct       000000
__Htemp                                temp         00004A
__Htext                                text         000000
__Htext0                               text0        000000
__Htext1                               text1        000000
__Htext10                              text10       000000
__Htext11                              text11       000000
__Htext12                              text12       000000
__Htext13                              text13       000000
__Htext14                              text14       000000
__Htext15                              text15       000000
__Htext16                              text16       000000
__Htext17                              text17       000000
__Htext18                              text18       000000
__Htext19                              text19       000000
__Htext2                               text2        000000
__Htext20                              text20       000000
__Htext21                              text21       000000
__Htext22                              text22       000000
__Htext23                              text23       000000
__Htext24                              text24       000000
__Htext25                              text25       000000
__Htext26                              text26       000000
__Htext27                              text27       000000
__Htext28                              text28       000000
__Htext29                              text29       000000
__Htext3                               text3        000000
__Htext31                              text31       000000
__Htext32                              text32       000000
__Htext33                              text33       000000
__Htext34                              text34       000000
__Htext35                              text35       000000
__Htext36                              text36       000000
__Htext37                              text37       000000
__Htext38                              text38       000000
__Htext39                              text39       000000
__Htext4                               text4        000000
__Htext40                              text40       000000
__Htext41                              text41       000000
__Htext42                              text42       000000
__Htext43                              text43       000000
__Htext44                              text44       000000
__Htext45                              text45       000000
__Htext46                              text46       000000
__Htext47                              text47       000000
__Htext48                              text48       000000
__Htext49                              text49       000000
__Htext5                               text5        000000
__Htext6                               text6        000000
__Htext7                               text7        000000
__Htext8                               text8        000000
__Htext9                               text9        000000
__LRAM                                 (abs)        000001
__Labs1                                abs1         000000
__Lbank0                               bank0        000000
__Lbank1                               bank1        000000
__Lbank2                               bank2        000000
__Lbank3                               bank3        000000
__Lbank4                               bank4        000000
__Lbank5                               bank5        000000
__Lbank6                               bank6        000000
__Lbank7                               bank7        000000
__Lbigbss                              bigbss       000000
__Lbigdata                             bigdata      000000
__Lbigram                              bigram       000000
__Lbss                                 bss          000000
__LbssBANK0                            bssBANK0     000000
__LbssCOMRAM                           bssCOMRAM    000000
__Lcinit                               cinit        000000
__Lclrtext                             clrtext      000000
__Lcomram                              comram       000000
__Lconfig                              config       300000
__Lconst                               const        000000
__LcstackBANK0                         cstackBANK0  000000
__LcstackCOMRAM                        cstackCOMRAM 000000
__Ldata                                data         000000
__LdataBANK0                           dataBANK0    000000
__Leeprom_data                         eeprom_data  000000
__Lfarbss                              farbss       000000
__Lfardata                             fardata      000000
__Libigdata                            ibigdata     000000
__Lidata                               idata        000000
__LidataBANK0                          idataBANK0   000000
__Lidloc                               idloc        200000
__Lifardata                            ifardata     000000
__Linit                                init         00000E
__Lintcode                             intcode      000008
__Lintcode_body                        intcode_body 000000
__Lintcodelo                           intcodelo    00000E
__Lintentry                            intentry     000000
__Lintret                              intret       000000
__Lintsave_regs                        intsave_regs 000000
__Lirdata                              irdata       000000
__Lmediumconst                         mediumconst  007ED6
__LnvFARRAM                            nvFARRAM     000000
__Lnvbit                               nvbit        000000
__Lnvrram                              nvrram       000000
__Lparam                               rparam       000000
__Lpowerup                             powerup      00000E
__Lram                                 ram          000000
__Lramtop                              ramtop       000800
__Lrbit                                rbit         000000
__Lrbss                                rbss         000000
__Lrdata                               rdata        000000
__Lreset_vec                           reset_vec    000000
__Lrparam                              rparam       000000
__Lsfr                                 sfr          000000
__Lsmallconst                          smallconst   000000
__Lspace_0                             (abs)        000000
__Lspace_1                             (abs)        000000
__Lspace_2                             (abs)        000000
__Lstack                               stack        000000
__Lstruct                              struct       000000
__Ltemp                                temp         000049
__Ltext                                text         000000
__Ltext0                               text0        000000
__Ltext1                               text1        000000
__Ltext10                              text10       000000
__Ltext11                              text11       000000
__Ltext12                              text12       000000
__Ltext13                              text13       000000
__Ltext14                              text14       000000
__Ltext15                              text15       000000
__Ltext16                              text16       000000
__Ltext17                              text17       000000
__Ltext18                              text18       000000
__Ltext19                              text19       000000
__Ltext2                               text2        000000
__Ltext20                              text20       000000
__Ltext21                              text21       000000
__Ltext22                              text22       000000
__Ltext23                              text23       000000
__Ltext24                              text24       000000
__Ltext25                              text25       000000
__Ltext26                              text26       000000
__Ltext27                              text27       000000
__Ltext28                              text28       000000
__Ltext29                              text29       000000
__Ltext3                               text3        000000
__Ltext31                              text31       000000
__Ltext32                              text32       000000
__Ltext33                              text33       000000
__Ltext34                              text34       000000
__Ltext35                              text35       000000
__Ltext36                              text36       000000
__Ltext37                              text37       000000
__Ltext38                              text38       000000
__Ltext39                              text39       000000
__Ltext4                               text4        000000
__Ltext40                              text40       000000
__Ltext41                              text41       000000
__Ltext42                              text42       000000
__Ltext43                              text43       000000
__Ltext44                              text44       000000
__Ltext45                              text45       000000
__Ltext46                              text46       000000
__Ltext47                              text47       000000
__Ltext48                              text48       000000
__Ltext49                              text49       000000
__Ltext5                               text5        000000
__Ltext6                               text6        000000
__Ltext7                               text7        000000
__Ltext8                               text8        000000
__Ltext9                               text9        000000
__S0                                   (abs)        30000E
__S1                                   (abs)        0000FA
__S2                                   (abs)        000000
___inthi_sp                            stack        000000
___intlo_sp                            stack        000000
___lwdiv                               text9        0024A2
___lwdiv@counter                       cstackCOMRAM 00001A
___lwdiv@dividend                      cstackCOMRAM 000016
___lwdiv@divisor                       cstackCOMRAM 000018
___lwdiv@quotient                      cstackCOMRAM 00001B
___lwmod                               text8        00258C
___lwmod@counter                       cstackCOMRAM 000021
___lwmod@dividend                      cstackCOMRAM 00001D
___lwmod@divisor                       cstackCOMRAM 00001F
___param_bank                          (abs)        000000
___rparam_used                         (abs)        000001
___sp                                  stack        000000
__accesstop                            (abs)        000060
__activetblptr                         (abs)        000002
__end_of_ADC_GetConversion             text24       0026F0
__end_of_ADC_ISR                       text48       002870
__end_of_BusyXLCD                      text28       0026C0
__end_of_Delay10KTCYx                  text17       0027E0
__end_of_DelayFor18TCY                 text29       002850
__end_of_DelayPORXLCD                  text16       002804
__end_of_EUSART1_Receive_ISR           text47       002848
__end_of_EUSART1_Transmit_ISR          text46       00274C
__end_of_I2C1_BusCollisionISR          text45       00286E
__end_of_I2C1_FunctionComplete         text44       00279C
__end_of_I2C1_ISR                      text42       001ED8
__end_of_I2C1_Stop                     text43       002858
__end_of_INTERRUPT_Initialize          text23       002768
__end_of_INTERRUPT_InterruptManager    intcode_body 00203E
__end_of_MEMORY_ISR                    text41       00286C
__end_of_OSCILLATOR_Initialize         text22       002834
__end_of_OpenXLCD                      text14       00233A
__end_of_PIN_MANAGER_INT0              text40       00286A
__end_of_PIN_MANAGER_INT1              text39       002868
__end_of_PIN_MANAGER_INT2              text38       002866
__end_of_PIN_MANAGER_IOC               text37       002864
__end_of_PIN_MANAGER_Initialize        text21       002820
__end_of_SYSTEM_Initialize             text12       0027CA
__end_of_SetDDRamAddr                  text15       002546
__end_of_TMR0_ISR                      text35       0027B4
__end_of_TMR0_Initialize               text18       002782
__end_of_TMR0_StartTimer               text20       00285C
__end_of_TMR0_WriteTimer               text19       00282A
__end_of_TMR1_ISR                      text34       002862
__end_of_TMR2_ISR                      text33       002860
__end_of_TMR3_DefaultInterruptHandler  text32       00285E
__end_of_TMR3_ISR                      text31       00271E
__end_of_WriteCmdXLCD                  text27       00264A
__end_of_WriteDataXLCD                 text26       00260C
__end_of_XLCD_Initialize               text13       002686
__end_of___lwdiv                       text9        0024F4
__end_of___lwmod                       text8        0025CE
__end_of__initialization               cinit        00257E
__end_of_changeStages                  text6        002296
__end_of_createCharacter               text25       0024A2
__end_of_dpowers                       mediumconst  007EE1
__end_of_juego1                        text5        001C86
__end_of_juego2                        text4        00157C
__end_of_juego3                        text3        000758
__end_of_juego4                        text2        000E72
__end_of_main                          text0        00239A
__end_of_printCharacter                text11       0027F2
__end_of_printscore                    text1        00244C
__end_of_putsXLCD                      text10       0023F6
__end_of_sprintf                       text7        002186
__end_ofi2_TMR0_WriteTimer             text36       00283E
__initialization                       cinit        002546
__mediumconst                          mediumconst  007ED6
__pbssBANK0                            bssBANK0     000060
__pbssCOMRAM                           bssCOMRAM    000034
__pcinit                               cinit        002546
__pcstackBANK0                         cstackBANK0  0000D4
__pcstackCOMRAM                        cstackCOMRAM 000001
__pdataBANK0                           dataBANK0    0000EA
__pidataBANK0                          idataBANK0   002804
__pintcode                             intcode      000008
__pintcode_body                        intcode_body 001ED8
__pmediumconst                         mediumconst  007ED6
__ptext0                               text0        00233A
__ptext1                               text1        0023F6
__ptext10                              text10       00239A
__ptext11                              text11       0027E0
__ptext12                              text12       0027B4
__ptext13                              text13       00264A
__ptext14                              text14       002296
__ptext15                              text15       0024F4
__ptext16                              text16       0027F2
__ptext17                              text17       0027CA
__ptext18                              text18       002768
__ptext19                              text19       002820
__ptext2                               text2        000758
__ptext20                              text20       002858
__ptext21                              text21       002814
__ptext22                              text22       00282A
__ptext23                              text23       00274C
__ptext24                              text24       0026C0
__ptext25                              text25       00244C
__ptext26                              text26       0025CE
__ptext27                              text27       00260C
__ptext28                              text28       002686
__ptext29                              text29       002848
__ptext3                               text3        000012
__ptext31                              text31       0026F0
__ptext32                              text32       00285C
__ptext33                              text33       00285E
__ptext34                              text34       002860
__ptext35                              text35       00279C
__ptext36                              text36       002834
__ptext37                              text37       002862
__ptext38                              text38       002864
__ptext39                              text39       002866
__ptext4                               text4        000E72
__ptext40                              text40       002868
__ptext41                              text41       00286A
__ptext42                              text42       001C86
__ptext43                              text43       002850
__ptext44                              text44       002782
__ptext45                              text45       00286C
__ptext46                              text46       00271E
__ptext47                              text47       00283E
__ptext48                              text48       00286E
__ptext49                              text49       000000
__ptext5                               text5        00157C
__ptext6                               text6        002186
__ptext7                               text7        00203E
__ptext8                               text8        00258C
__ptext9                               text9        0024A2
__ramtop                               ramtop       000800
__size_of_ADC_GetConversion            (abs)        000000
__size_of_ADC_ISR                      (abs)        000000
__size_of_BusyXLCD                     (abs)        000000
__size_of_Delay10KTCYx                 (abs)        000000
__size_of_DelayFor18TCY                (abs)        000000
__size_of_DelayPORXLCD                 (abs)        000000
__size_of_EUSART1_Receive_ISR          (abs)        000000
__size_of_EUSART1_Transmit_ISR         (abs)        000000
__size_of_I2C1_BusCollisionISR         (abs)        000000
__size_of_I2C1_FunctionComplete        (abs)        000000
__size_of_I2C1_ISR                     (abs)        000000
__size_of_I2C1_Stop                    (abs)        000000
__size_of_INTERRUPT_Initialize         (abs)        000000
__size_of_INTERRUPT_InterruptManager   (abs)        000000
__size_of_MEMORY_ISR                   (abs)        000000
__size_of_OSCILLATOR_Initialize        (abs)        000000
__size_of_OpenXLCD                     (abs)        000000
__size_of_PIN_MANAGER_INT0             (abs)        000000
__size_of_PIN_MANAGER_INT1             (abs)        000000
__size_of_PIN_MANAGER_INT2             (abs)        000000
__size_of_PIN_MANAGER_IOC              (abs)        000000
__size_of_PIN_MANAGER_Initialize       (abs)        000000
__size_of_SYSTEM_Initialize            (abs)        000000
__size_of_SetDDRamAddr                 (abs)        000000
__size_of_TMR0_ISR                     (abs)        000000
__size_of_TMR0_Initialize              (abs)        000000
__size_of_TMR0_StartTimer              (abs)        000000
__size_of_TMR0_WriteTimer              (abs)        000000
__size_of_TMR1_ISR                     (abs)        000000
__size_of_TMR2_ISR                     (abs)        000000
__size_of_TMR3_DefaultInterruptHandler (abs)        000000
__size_of_TMR3_ISR                     (abs)        000000
__size_of_WriteCmdXLCD                 (abs)        000000
__size_of_WriteDataXLCD                (abs)        000000
__size_of_XLCD_Initialize              (abs)        000000
__size_of___lwdiv                      (abs)        000000
__size_of___lwmod                      (abs)        000000
__size_of_changeStages                 (abs)        000000
__size_of_createCharacter              (abs)        000000
__size_of_juego1                       (abs)        000000
__size_of_juego2                       (abs)        000000
__size_of_juego3                       (abs)        000000
__size_of_juego4                       (abs)        000000
__size_of_main                         (abs)        000000
__size_of_printCharacter               (abs)        000000
__size_of_printscore                   (abs)        000000
__size_of_putsXLCD                     (abs)        000000
__size_of_sprintf                      (abs)        000000
__size_ofi2_TMR0_WriteTimer            (abs)        000000
__smallconst                           smallconst   000000
_changeStages                          text6        002186
_counter                               bssCOMRAM    00003A
_createCharacter                       text25       00244C
_data0                                 dataBANK0    0000F2
_data1                                 dataBANK0    0000EA
_dpowers                               mediumconst  007ED7
_eusart1RxBuffer                       bssBANK0     000060
_eusart1RxCount                        bssCOMRAM    000041
_eusart1RxTail                         bssCOMRAM    000042
_eusart1TxBuffer                       bssBANK0     00009C
_eusart1TxBufferRemaining              bssCOMRAM    000043
_eusart1TxHead                         bssCOMRAM    000045
_eusart1TxTail                         bssCOMRAM    000044
_i2c1_object                           bssBANK0     0000A4
_i2c1_state                            bssCOMRAM    000040
_i2c1_tr_queue                         bssBANK0     0000CE
_i2c1_trb_count                        bssCOMRAM    00003F
_juego1                                text5        00157C
_juego2                                text4        000E72
_juego3                                text3        000012
_juego4                                text2        000758
_main                                  text0        00233A
_p_i2c1_current                        bssBANK0     0000B5
_p_i2c1_trb_current                    bssBANK0     0000B7
_porcHumidity                          bssBANK0     0000AF
_printCharacter                        text11       0027E0
_printscore                            text1        0023F6
_putsXLCD                              text10       00239A
_sprintf                               text7        00203E
_timer0ReloadVal                       bssCOMRAM    000038
_timer0ReloadVal8bit                   bssCOMRAM    00003C
_timer1ReloadVal                       bssCOMRAM    000036
_timer3ReloadVal                       bssCOMRAM    000034
btemp                                  temp         000049
changeStages@buffer                    cstackBANK0  0000DA
changeStages@enemPos                   cstackBANK0  0000D8
changeStages@parameter1                cstackBANK0  0000D4
changeStages@parameter2                cstackBANK0  0000D6
changeStages@pos                       cstackBANK0  0000E4
createCharacter@data                   cstackCOMRAM 000017
createCharacter@i                      cstackCOMRAM 00001A
createCharacter@i_1981                 cstackCOMRAM 00001B
createCharacter@number                 cstackCOMRAM 000019
end_of_initialization                  cinit        00257E
i2TMR0_WriteTimer@timerVal             cstackCOMRAM 000001
i2_TMR0_WriteTimer                     text36       002834
int$flags                              temp         000049
int_func                               intcode_body 001ED8
intlevel0                              text         000000
intlevel1                              text         000000
intlevel2                              text         000000
intlevel3                              text         000000
juego4@score                           cstackBANK0  0000E6
main@score                             cstackBANK0  0000E8
printCharacter@number                  cstackCOMRAM 000017
printscore@buffer2                     cstackBANK0  0000D4
printscore@score                       cstackCOMRAM 000030
putsXLCD@buffer                        cstackCOMRAM 000017
sprintf@ap                             cstackCOMRAM 000029
sprintf@c                              cstackCOMRAM 00002F
sprintf@f                              cstackCOMRAM 000024
sprintf@flag                           cstackCOMRAM 00002B
sprintf@prec                           cstackCOMRAM 00002C
sprintf@sp                             cstackCOMRAM 000022
sprintf@val                            cstackCOMRAM 00002D
stackhi                                (abs)        0007FF
stacklo                                (abs)        0000FA
start                                  init         00000E
start_initialization                   cinit        002546
wtemp6                                 temp         00004A


FUNCTION INFORMATION:

 *************** function _main *****************
 Defined at:
		line 86 in file "main.c"
 Parameters:    Size  Location     Type
		None
 Auto vars:     Size  Location     Type
  score           2   20[BANK0 ] int 
 Return value:  Size  Location     Type
                  1    wreg      void 
 Registers used:
		wreg, fsr0l, fsr0h, fsr2l, fsr2h, status,2, status,0, tblptrl, tblptrh, tblptru, prodl, prodh, cstack
 Tracked objects:
		On entry : 
		On exit  : 
		Unchanged: 
 Data sizes:     COMRAM   BANK0   BANK1   BANK2   BANK3   BANK4   BANK5   BANK6   BANK7
      Params:         0       0       0       0       0       0       0       0       0
      Locals:         0       2       0       0       0       0       0       0       0
      Temps:          0       0       0       0       0       0       0       0       0
      Totals:         0       2       0       0       0       0       0       0       0
Total ram usage:        2 bytes
 Hardware stack levels required when called:   10
 This function calls:
		_SYSTEM_Initialize
		_createCharacter
		_juego1
		_juego2
		_juego3
		_juego4
		_printscore
 This function is called by:
		Startup code after reset
 This function uses a non-reentrant model


 *************** function _printscore *****************
 Defined at:
		line 130 in file "main.c"
 Parameters:    Size  Location     Type
  score           2   47[COMRAM] int 
 Auto vars:     Size  Location     Type
  buffer2        10    0[BANK0 ] unsigned char [10]
 Return value:  Size  Location     Type
                  1    wreg      void 
 Registers used:
		wreg, fsr0l, fsr0h, fsr2l, fsr2h, status,2, status,0, tblptrl, tblptrh, tblptru, prodl, prodh, cstack
 Tracked objects:
		On entry : 
		On exit  : 
		Unchanged: 
 Data sizes:     COMRAM   BANK0   BANK1   BANK2   BANK3   BANK4   BANK5   BANK6   BANK7
      Params:         2       0       0       0       0       0       0       0       0
      Locals:         0      10       0       0       0       0       0       0       0
      Temps:          0       0       0       0       0       0       0       0       0
      Totals:         2      10       0       0       0       0       0       0       0
Total ram usage:       12 bytes
 Hardware stack levels used:    1
 Hardware stack levels required when called:    6
 This function calls:
		_BusyXLCD
		_SetDDRamAddr
		_putsXLCD
		_sprintf
 This function is called by:
		_main
 This function uses a non-reentrant model


 *************** function _juego4 *****************
 Defined at:
		line 476 in file "main.c"
 Parameters:    Size  Location     Type
		None
 Auto vars:     Size  Location     Type
  score           2   18[BANK0 ] int 
  pos             2    0        int 
 Return value:  Size  Location     Type
                  2   47[COMRAM] int 
 Registers used:
		wreg, fsr0l, fsr0h, fsr2l, fsr2h, status,2, status,0, tblptrl, tblptrh, tblptru, prodl, prodh, cstack
 Tracked objects:
		On entry : 
		On exit  : 
		Unchanged: 
 Data sizes:     COMRAM   BANK0   BANK1   BANK2   BANK3   BANK4   BANK5   BANK6   BANK7
      Params:         2       0       0       0       0       0       0       0       0
      Locals:         0       2       0       0       0       0       0       0       0
      Temps:          2       0       0       0       0       0       0       0       0
      Totals:         4       2       0       0       0       0       0       0       0
Total ram usage:        6 bytes
 Hardware stack levels used:    1
 Hardware stack levels required when called:    9
 This function calls:
		_changeStages
 This function is called by:
		_main
 This function uses a non-reentrant model


 *************** function _juego3 *****************
 Defined at:
		line 383 in file "main.c"
 Parameters:    Size  Location     Type
		None
 Auto vars:     Size  Location     Type
  pos             2    0        int 
 Return value:  Size  Location     Type
                  1    wreg      void 
 Registers used:
		wreg, fsr0l, fsr0h, fsr2l, fsr2h, status,2, status,0, tblptrl, tblptrh, tblptru, prodl, prodh, cstack
 Tracked objects:
		On entry : 
		On exit  : 
		Unchanged: 
 Data sizes:     COMRAM   BANK0   BANK1   BANK2   BANK3   BANK4   BANK5   BANK6   BANK7
      Params:         0       0       0       0       0       0       0       0       0
      Locals:         0       0       0       0       0       0       0       0       0
      Temps:          2       0       0       0       0       0       0       0       0
      Totals:         2       0       0       0       0       0       0       0       0
Total ram usage:        2 bytes
 Hardware stack levels used:    1
 Hardware stack levels required when called:    9
 This function calls:
		_changeStages
 This function is called by:
		_main
 This function uses a non-reentrant model


 *************** function _juego2 *****************
 Defined at:
		line 290 in file "main.c"
 Parameters:    Size  Location     Type
		None
 Auto vars:     Size  Location     Type
  pos             2    0        int 
 Return value:  Size  Location     Type
                  1    wreg      void 
 Registers used:
		wreg, fsr0l, fsr0h, fsr2l, fsr2h, status,2, status,0, tblptrl, tblptrh, tblptru, prodl, prodh, cstack
 Tracked objects:
		On entry : 
		On exit  : 
		Unchanged: 
 Data sizes:     COMRAM   BANK0   BANK1   BANK2   BANK3   BANK4   BANK5   BANK6   BANK7
      Params:         0       0       0       0       0       0       0       0       0
      Locals:         0       0       0       0       0       0       0       0       0
      Temps:          2       0       0       0       0       0       0       0       0
      Totals:         2       0       0       0       0       0       0       0       0
Total ram usage:        2 bytes
 Hardware stack levels used:    1
 Hardware stack levels required when called:    9
 This function calls:
		_changeStages
 This function is called by:
		_main
 This function uses a non-reentrant model


 *************** function _juego1 *****************
 Defined at:
		line 197 in file "main.c"
 Parameters:    Size  Location     Type
		None
 Auto vars:     Size  Location     Type
  pos             2    0        int 
 Return value:  Size  Location     Type
                  1    wreg      void 
 Registers used:
		wreg, fsr0l, fsr0h, fsr2l, fsr2h, status,2, status,0, tblptrl, tblptrh, tblptru, prodl, prodh, cstack
 Tracked objects:
		On entry : 
		On exit  : 
		Unchanged: 
 Data sizes:     COMRAM   BANK0   BANK1   BANK2   BANK3   BANK4   BANK5   BANK6   BANK7
      Params:         0       0       0       0       0       0       0       0       0
      Locals:         0       0       0       0       0       0       0       0       0
      Temps:          2       0       0       0       0       0       0       0       0
      Totals:         2       0       0       0       0       0       0       0       0
Total ram usage:        2 bytes
 Hardware stack levels used:    1
 Hardware stack levels required when called:    9
 This function calls:
		_changeStages
 This function is called by:
		_main
 This function uses a non-reentrant model


 *************** function _changeStages *****************
 Defined at:
		line 141 in file "main.c"
 Parameters:    Size  Location     Type
  parameter1      2    0[BANK0 ] PTR unsigned char 
		 -> STR_242(11), STR_240(11), STR_238(11), STR_236(11), 
		 -> STR_234(11), STR_232(11), STR_230(11), STR_228(11), 
		 -> STR_226(11), STR_224(12), STR_222(12), STR_220(12), 
		 -> STR_218(12), STR_216(12), STR_214(12), STR_212(12), 
		 -> STR_210(12), STR_208(12), STR_206(12), STR_204(12), 
		 -> STR_202(12), STR_200(12), STR_198(12), STR_196(12), 
		 -> STR_194(12), STR_192(12), STR_190(12), STR_188(12), 
		 -> STR_186(12), STR_184(12), STR_182(11), STR_180(11), 
		 -> STR_178(11), STR_176(11), STR_174(11), STR_172(11), 
		 -> STR_170(11), STR_168(11), STR_166(11), STR_164(12), 
		 -> STR_162(12), STR_160(12), STR_158(12), STR_156(12), 
		 -> STR_154(12), STR_152(12), STR_150(12), STR_148(12), 
		 -> STR_146(12), STR_144(12), STR_142(12), STR_140(12), 
		 -> STR_138(12), STR_136(12), STR_134(12), STR_132(12), 
		 -> STR_130(12), STR_128(12), STR_126(12), STR_124(12), 
		 -> STR_122(11), STR_120(11), STR_118(11), STR_116(11), 
		 -> STR_114(11), STR_112(11), STR_110(11), STR_108(11), 
		 -> STR_106(11), STR_104(12), STR_102(12), STR_100(12), 
		 -> STR_98(12), STR_96(12), STR_94(12), STR_92(12), 
		 -> STR_90(12), STR_88(12), STR_86(12), STR_84(12), 
		 -> STR_82(12), STR_80(12), STR_78(12), STR_76(12), 
		 -> STR_74(12), STR_72(12), STR_70(12), STR_68(12), 
		 -> STR_66(12), STR_64(12), STR_62(11), STR_60(11), 
		 -> STR_58(11), STR_56(11), STR_54(11), STR_52(11), 
		 -> STR_50(11), STR_48(11), STR_46(11), STR_44(12), 
		 -> STR_42(12), STR_40(12), STR_38(12), STR_36(12), 
		 -> STR_34(12), STR_32(12), STR_30(12), STR_28(12), 
		 -> STR_26(12), STR_24(12), STR_22(12), STR_20(12), 
		 -> STR_18(12), STR_16(12), STR_14(12), STR_12(12), 
		 -> STR_10(12), STR_8(12), STR_6(12), STR_4(12), 
  parameter2      2    2[BANK0 ] PTR unsigned char 
		 -> STR_243(13), STR_241(13), STR_239(13), STR_237(13), 
		 -> STR_235(13), STR_233(13), STR_231(13), STR_229(13), 
		 -> STR_227(13), STR_225(12), STR_223(12), STR_221(12), 
		 -> STR_219(12), STR_217(12), STR_215(12), STR_213(12), 
		 -> STR_211(12), STR_209(12), STR_207(12), STR_205(12), 
		 -> STR_203(12), STR_201(12), STR_199(12), STR_197(12), 
		 -> STR_195(12), STR_193(12), STR_191(12), STR_189(12), 
		 -> STR_187(12), STR_185(12), STR_183(13), STR_181(13), 
		 -> STR_179(13), STR_177(13), STR_175(13), STR_173(13), 
		 -> STR_171(13), STR_169(13), STR_167(13), STR_165(12), 
		 -> STR_163(12), STR_161(12), STR_159(12), STR_157(12), 
		 -> STR_155(12), STR_153(12), STR_151(12), STR_149(12), 
		 -> STR_147(12), STR_145(12), STR_143(12), STR_141(12), 
		 -> STR_139(12), STR_137(12), STR_135(12), STR_133(12), 
		 -> STR_131(12), STR_129(12), STR_127(12), STR_125(12), 
		 -> STR_123(13), STR_121(13), STR_119(13), STR_117(13), 
		 -> STR_115(13), STR_113(13), STR_111(13), STR_109(13), 
		 -> STR_107(13), STR_105(12), STR_103(12), STR_101(12), 
		 -> STR_99(12), STR_97(12), STR_95(12), STR_93(12), 
		 -> STR_91(12), STR_89(12), STR_87(12), STR_85(12), 
		 -> STR_83(12), STR_81(12), STR_79(12), STR_77(12), 
		 -> STR_75(12), STR_73(12), STR_71(12), STR_69(12), 
		 -> STR_67(12), STR_65(12), STR_63(13), STR_61(13), 
		 -> STR_59(13), STR_57(13), STR_55(13), STR_53(13), 
		 -> STR_51(13), STR_49(13), STR_47(13), STR_45(12), 
		 -> STR_43(12), STR_41(12), STR_39(12), STR_37(12), 
		 -> STR_35(12), STR_33(12), STR_31(12), STR_29(12), 
		 -> STR_27(12), STR_25(12), STR_23(12), STR_21(12), 
		 -> STR_19(12), STR_17(12), STR_15(12), STR_13(12), 
		 -> STR_11(12), STR_9(12), STR_7(12), STR_5(12), 
  enemPos         2    4[BANK0 ] int 
 Auto vars:     Size  Location     Type
  buffer         10    6[BANK0 ] unsigned char [10]
  pos             2   16[BANK0 ] int 
 Return value:  Size  Location     Type
                  2    0[BANK0 ] int 
 Registers used:
		wreg, fsr0l, fsr0h, fsr2l, fsr2h, status,2, status,0, tblptrl, tblptrh, tblptru, prodl, prodh, cstack
 Tracked objects:
		On entry : 
		On exit  : 
		Unchanged: 
 Data sizes:     COMRAM   BANK0   BANK1   BANK2   BANK3   BANK4   BANK5   BANK6   BANK7
      Params:         0       6       0       0       0       0       0       0       0
      Locals:         0      12       0       0       0       0       0       0       0
      Temps:          0       0       0       0       0       0       0       0       0
      Totals:         0      18       0       0       0       0       0       0       0
Total ram usage:       18 bytes
 Hardware stack levels used:    1
 Hardware stack levels required when called:    8
 This function calls:
		_ADC_GetConversion
		_BusyXLCD
		_SYSTEM_Initialize
		_SetDDRamAddr
		_printCharacter
		_putsXLCD
		_sprintf
 This function is called by:
		_juego1
		_juego2
		_juego3
		_juego4
 This function uses a non-reentrant model


 *************** function _sprintf *****************
 Defined at:
		line 492 in file "C:\Program Files (x86)\Microchip\xc8\v1.43\sources\common\doprnt.c"
 Parameters:    Size  Location     Type
  sp              2   33[COMRAM] PTR unsigned char 
		 -> changeStages@buffer(10), printscore@buffer2(10), 
  f               2   35[COMRAM] PTR const unsigned char 
		 -> STR_3(3), STR_2(3), 
 Auto vars:     Size  Location     Type
  tmpval          4    0        struct .
  cp              3    0        PTR const unsigned char 
  val             2   44[COMRAM] unsigned int 
  ap              2   40[COMRAM] PTR void [1]
		 -> ?_sprintf(2), 
  len             2    0        unsigned int 
  c               1   46[COMRAM] char 
  prec            1   43[COMRAM] char 
  flag            1   42[COMRAM] unsigned char 
 Return value:  Size  Location     Type
                  2   33[COMRAM] int 
 Registers used:
		wreg, fsr2l, fsr2h, status,2, status,0, tblptrl, tblptrh, tblptru, prodl, prodh, cstack
 Tracked objects:
		On entry : 
		On exit  : 
		Unchanged: 
 Data sizes:     COMRAM   BANK0   BANK1   BANK2   BANK3   BANK4   BANK5   BANK6   BANK7
      Params:         6       0       0       0       0       0       0       0       0
      Locals:         7       0       0       0       0       0       0       0       0
      Temps:          1       0       0       0       0       0       0       0       0
      Totals:        14       0       0       0       0       0       0       0       0
Total ram usage:       14 bytes
 Hardware stack levels used:    1
 Hardware stack levels required when called:    4
 This function calls:
		___lwdiv
		___lwmod
 This function is called by:
		_printscore
		_changeStages
 This function uses a non-reentrant model


 *************** function ___lwmod *****************
 Defined at:
		line 8 in file "C:\Program Files (x86)\Microchip\xc8\v1.43\sources\common\lwmod.c"
 Parameters:    Size  Location     Type
  dividend        2   28[COMRAM] unsigned int 
  divisor         2   30[COMRAM] unsigned int 
 Auto vars:     Size  Location     Type
  counter         1   32[COMRAM] unsigned char 
 Return value:  Size  Location     Type
                  2   28[COMRAM] unsigned int 
 Registers used:
		wreg, status,2, status,0
 Tracked objects:
		On entry : 
		On exit  : 
		Unchanged: 
 Data sizes:     COMRAM   BANK0   BANK1   BANK2   BANK3   BANK4   BANK5   BANK6   BANK7
      Params:         4       0       0       0       0       0       0       0       0
      Locals:         1       0       0       0       0       0       0       0       0
      Temps:          0       0       0       0       0       0       0       0       0
      Totals:         5       0       0       0       0       0       0       0       0
Total ram usage:        5 bytes
 Hardware stack levels used:    1
 Hardware stack levels required when called:    3
 This function calls:
		Nothing
 This function is called by:
		_sprintf
 This function uses a non-reentrant model


 *************** function ___lwdiv *****************
 Defined at:
		line 8 in file "C:\Program Files (x86)\Microchip\xc8\v1.43\sources\common\lwdiv.c"
 Parameters:    Size  Location     Type
  dividend        2   21[COMRAM] unsigned int 
  divisor         2   23[COMRAM] unsigned int 
 Auto vars:     Size  Location     Type
  quotient        2   26[COMRAM] unsigned int 
  counter         1   25[COMRAM] unsigned char 
 Return value:  Size  Location     Type
                  2   21[COMRAM] unsigned int 
 Registers used:
		wreg, status,2, status,0
 Tracked objects:
		On entry : 
		On exit  : 
		Unchanged: 
 Data sizes:     COMRAM   BANK0   BANK1   BANK2   BANK3   BANK4   BANK5   BANK6   BANK7
      Params:         4       0       0       0       0       0       0       0       0
      Locals:         3       0       0       0       0       0       0       0       0
      Temps:          0       0       0       0       0       0       0       0       0
      Totals:         7       0       0       0       0       0       0       0       0
Total ram usage:        7 bytes
 Hardware stack levels used:    1
 Hardware stack levels required when called:    3
 This function calls:
		Nothing
 This function is called by:
		_sprintf
 This function uses a non-reentrant model


 *************** function _putsXLCD *****************
 Defined at:
		line 16 in file "XLCD/putsxlcd.c"
 Parameters:    Size  Location     Type
  buffer          2   22[COMRAM] PTR unsigned char 
		 -> STR_243(13), STR_242(11), STR_241(13), STR_240(11), 
		 -> STR_239(13), STR_238(11), STR_237(13), STR_236(11), 
		 -> STR_235(13), STR_234(11), STR_233(13), STR_232(11), 
		 -> STR_231(13), STR_230(11), STR_229(13), STR_228(11), 
		 -> STR_227(13), STR_226(11), STR_225(12), STR_224(12), 
		 -> STR_223(12), STR_222(12), STR_221(12), STR_220(12), 
		 -> STR_219(12), STR_218(12), STR_217(12), STR_216(12), 
		 -> STR_215(12), STR_214(12), STR_213(12), STR_212(12), 
		 -> STR_211(12), STR_210(12), STR_209(12), STR_208(12), 
		 -> STR_207(12), STR_206(12), STR_205(12), STR_204(12), 
		 -> STR_203(12), STR_202(12), STR_201(12), STR_200(12), 
		 -> STR_199(12), STR_198(12), STR_197(12), STR_196(12), 
		 -> STR_195(12), STR_194(12), STR_193(12), STR_192(12), 
		 -> STR_191(12), STR_190(12), STR_189(12), STR_188(12), 
		 -> STR_187(12), STR_186(12), STR_185(12), STR_184(12), 
		 -> STR_183(13), STR_182(11), STR_181(13), STR_180(11), 
		 -> STR_179(13), STR_178(11), STR_177(13), STR_176(11), 
		 -> STR_175(13), STR_174(11), STR_173(13), STR_172(11), 
		 -> STR_171(13), STR_170(11), STR_169(13), STR_168(11), 
		 -> STR_167(13), STR_166(11), STR_165(12), STR_164(12), 
		 -> STR_163(12), STR_162(12), STR_161(12), STR_160(12), 
		 -> STR_159(12), STR_158(12), STR_157(12), STR_156(12), 
		 -> STR_155(12), STR_154(12), STR_153(12), STR_152(12), 
		 -> STR_151(12), STR_150(12), STR_149(12), STR_148(12), 
		 -> STR_147(12), STR_146(12), STR_145(12), STR_144(12), 
		 -> STR_143(12), STR_142(12), STR_141(12), STR_140(12), 
		 -> STR_139(12), STR_138(12), STR_137(12), STR_136(12), 
		 -> STR_135(12), STR_134(12), STR_133(12), STR_132(12), 
		 -> STR_131(12), STR_130(12), STR_129(12), STR_128(12), 
		 -> STR_127(12), STR_126(12), STR_125(12), STR_124(12), 
		 -> STR_123(13), STR_122(11), STR_121(13), STR_120(11), 
		 -> STR_119(13), STR_118(11), STR_117(13), STR_116(11), 
		 -> STR_115(13), STR_114(11), STR_113(13), STR_112(11), 
		 -> STR_111(13), STR_110(11), STR_109(13), STR_108(11), 
		 -> STR_107(13), STR_106(11), STR_105(12), STR_104(12), 
		 -> STR_103(12), STR_102(12), STR_101(12), STR_100(12), 
		 -> STR_99(12), STR_98(12), STR_97(12), STR_96(12), 
		 -> STR_95(12), STR_94(12), STR_93(12), STR_92(12), 
		 -> STR_91(12), STR_90(12), STR_89(12), STR_88(12), 
		 -> STR_87(12), STR_86(12), STR_85(12), STR_84(12), 
		 -> STR_83(12), STR_82(12), STR_81(12), STR_80(12), 
		 -> STR_79(12), STR_78(12), STR_77(12), STR_76(12), 
		 -> STR_75(12), STR_74(12), STR_73(12), STR_72(12), 
		 -> STR_71(12), STR_70(12), STR_69(12), STR_68(12), 
		 -> STR_67(12), STR_66(12), STR_65(12), STR_64(12), 
		 -> STR_63(13), STR_62(11), STR_61(13), STR_60(11), 
		 -> STR_59(13), STR_58(11), STR_57(13), STR_56(11), 
		 -> STR_55(13), STR_54(11), STR_53(13), STR_52(11), 
		 -> STR_51(13), STR_50(11), STR_49(13), STR_48(11), 
		 -> STR_47(13), STR_46(11), STR_45(12), STR_44(12), 
		 -> STR_43(12), STR_42(12), STR_41(12), STR_40(12), 
		 -> STR_39(12), STR_38(12), STR_37(12), STR_36(12), 
		 -> STR_35(12), STR_34(12), STR_33(12), STR_32(12), 
		 -> STR_31(12), STR_30(12), STR_29(12), STR_28(12), 
		 -> STR_27(12), STR_26(12), STR_25(12), STR_24(12), 
		 -> STR_23(12), STR_22(12), STR_21(12), STR_20(12), 
		 -> STR_19(12), STR_18(12), STR_17(12), STR_16(12), 
		 -> STR_15(12), STR_14(12), STR_13(12), STR_12(12), 
		 -> STR_11(12), STR_10(12), STR_9(12), STR_8(12), 
		 -> STR_7(12), STR_6(12), STR_5(12), STR_4(12), 
		 -> changeStages@buffer(10), printscore@buffer2(10), STR_1(16), 
 Auto vars:     Size  Location     Type
		None
 Return value:  Size  Location     Type
                  1    wreg      void 
 Registers used:
		wreg, fsr0l, fsr0h, status,2, status,0, tblptrl, tblptrh, tblptru, cstack
 Tracked objects:
		On entry : 
		On exit  : 
		Unchanged: 
 Data sizes:     COMRAM   BANK0   BANK1   BANK2   BANK3   BANK4   BANK5   BANK6   BANK7
      Params:         2       0       0       0       0       0       0       0       0
      Locals:         0       0       0       0       0       0       0       0       0
      Temps:          0       0       0       0       0       0       0       0       0
      Totals:         2       0       0       0       0       0       0       0       0
Total ram usage:        2 bytes
 Hardware stack levels used:    1
 Hardware stack levels required when called:    5
 This function calls:
		_BusyXLCD
		_WriteDataXLCD
 This function is called by:
		_printscore
		_changeStages
 This function uses a non-reentrant model


 *************** function _printCharacter *****************
 Defined at:
		line 80 in file "main.c"
 Parameters:    Size  Location     Type
  number          2   22[COMRAM] unsigned int 
 Auto vars:     Size  Location     Type
		None
 Return value:  Size  Location     Type
                  1    wreg      void 
 Registers used:
		wreg, status,2, status,0, cstack
 Tracked objects:
		On entry : 
		On exit  : 
		Unchanged: 
 Data sizes:     COMRAM   BANK0   BANK1   BANK2   BANK3   BANK4   BANK5   BANK6   BANK7
      Params:         2       0       0       0       0       0       0       0       0
      Locals:         0       0       0       0       0       0       0       0       0
      Temps:          0       0       0       0       0       0       0       0       0
      Totals:         2       0       0       0       0       0       0       0       0
Total ram usage:        2 bytes
 Hardware stack levels used:    1
 Hardware stack levels required when called:    5
 This function calls:
		_BusyXLCD
		_WriteDataXLCD
 This function is called by:
		_changeStages
 This function uses a non-reentrant model


 *************** function _SYSTEM_Initialize *****************
 Defined at:
		line 77 in file "mcc.c"
 Parameters:    Size  Location     Type
		None
 Auto vars:     Size  Location     Type
		None
 Return value:  Size  Location     Type
                  1    wreg      void 
 Registers used:
		wreg, status,2, status,0, cstack
 Tracked objects:
		On entry : 
		On exit  : 
		Unchanged: 
 Data sizes:     COMRAM   BANK0   BANK1   BANK2   BANK3   BANK4   BANK5   BANK6   BANK7
      Params:         0       0       0       0       0       0       0       0       0
      Locals:         0       0       0       0       0       0       0       0       0
      Temps:          0       0       0       0       0       0       0       0       0
      Totals:         0       0       0       0       0       0       0       0       0
Total ram usage:        0 bytes
 Hardware stack levels used:    1
 Hardware stack levels required when called:    7
 This function calls:
		_INTERRUPT_Initialize
		_OSCILLATOR_Initialize
		_PIN_MANAGER_Initialize
		_TMR0_Initialize
		_XLCD_Initialize
 This function is called by:
		_main
		_changeStages
 This function uses a non-reentrant model


 *************** function _XLCD_Initialize *****************
 Defined at:
		line 6 in file "user_xlcd.c"
 Parameters:    Size  Location     Type
		None
 Auto vars:     Size  Location     Type
		None
 Return value:  Size  Location     Type
                  1    wreg      void 
 Registers used:
		wreg, status,2, status,0, cstack
 Tracked objects:
		On entry : 
		On exit  : 
		Unchanged: 
 Data sizes:     COMRAM   BANK0   BANK1   BANK2   BANK3   BANK4   BANK5   BANK6   BANK7
      Params:         0       0       0       0       0       0       0       0       0
      Locals:         0       0       0       0       0       0       0       0       0
      Temps:          0       0       0       0       0       0       0       0       0
      Totals:         0       0       0       0       0       0       0       0       0
Total ram usage:        0 bytes
 Hardware stack levels used:    1
 Hardware stack levels required when called:    6
 This function calls:
		_BusyXLCD
		_OpenXLCD
		_SetDDRamAddr
		_WriteCmdXLCD
 This function is called by:
		_SYSTEM_Initialize
 This function uses a non-reentrant model


 *************** function _OpenXLCD *****************
 Defined at:
		line 19 in file "XLCD/openxlcd.c"
 Parameters:    Size  Location     Type
  lcdtype         1    wreg     unsigned char 
 Auto vars:     Size  Location     Type
  lcdtype         1   25[COMRAM] unsigned char 
 Return value:  Size  Location     Type
                  1    wreg      void 
 Registers used:
		wreg, status,2, status,0, cstack
 Tracked objects:
		On entry : 
		On exit  : 
		Unchanged: 
 Data sizes:     COMRAM   BANK0   BANK1   BANK2   BANK3   BANK4   BANK5   BANK6   BANK7
      Params:         0       0       0       0       0       0       0       0       0
      Locals:         1       0       0       0       0       0       0       0       0
      Temps:          0       0       0       0       0       0       0       0       0
      Totals:         1       0       0       0       0       0       0       0       0
Total ram usage:        1 bytes
 Hardware stack levels used:    1
 Hardware stack levels required when called:    5
 This function calls:
		_BusyXLCD
		_Delay10KTCYx
		_DelayPORXLCD
		_SetDDRamAddr
		_WriteCmdXLCD
 This function is called by:
		_XLCD_Initialize
 This function uses a non-reentrant model


 *************** function _SetDDRamAddr *****************
 Defined at:
[...]
      Locals:         0       0       0       0       0       0       0       0       0
      Temps:          0       0       0       0       0       0       0       0       0
      Totals:         0       0       0       0       0       0       0       0       0
Total ram usage:        0 bytes
 Hardware stack levels used:    1
 This function calls:
		Nothing
 This function is called by:
		_INTERRUPT_InterruptManager
 This function uses a non-reentrant model


 *************** function _TMR1_ISR *****************
 Defined at:
		line 151 in file "tmr1.c"
 Parameters:    Size  Location     Type
		None
 Auto vars:     Size  Location     Type
		None
 Return value:  Size  Location     Type
                  1    wreg      void 
 Registers used:
		None
 Tracked objects:
		On entry : 
		On exit  : 
		Unchanged: 
 Data sizes:     COMRAM   BANK0   BANK1   BANK2   BANK3   BANK4   BANK5   BANK6   BANK7
      Params:         0       0       0       0       0       0       0       0       0
      Locals:         0       0       0       0       0       0       0       0       0
      Temps:          0       0       0       0       0       0       0       0       0
      Totals:         0       0       0       0       0       0       0       0       0
Total ram usage:        0 bytes
 Hardware stack levels used:    1
 This function calls:
		Nothing
 This function is called by:
		_INTERRUPT_InterruptManager
 This function uses a non-reentrant model


 *************** function _TMR0_ISR *****************
 Defined at:
		line 150 in file "tmr0.c"
 Parameters:    Size  Location     Type
		None
 Auto vars:     Size  Location     Type
		None
 Return value:  Size  Location     Type
                  1    wreg      void 
 Registers used:
		wreg, status,2, status,0, cstack
 Tracked objects:
		On entry : 
		On exit  : 
		Unchanged: 
 Data sizes:     COMRAM   BANK0   BANK1   BANK2   BANK3   BANK4   BANK5   BANK6   BANK7
      Params:         0       0       0       0       0       0       0       0       0
      Locals:         0       0       0       0       0       0       0       0       0
      Temps:          0       0       0       0       0       0       0       0       0
      Totals:         0       0       0       0       0       0       0       0       0
Total ram usage:        0 bytes
 Hardware stack levels used:    1
 Hardware stack levels required when called:    1
 This function calls:
		i2_TMR0_WriteTimer
 This function is called by:
		_INTERRUPT_InterruptManager
 This function uses a non-reentrant model


 *************** function i2_TMR0_WriteTimer *****************
 Defined at:
		line 133 in file "tmr0.c"
 Parameters:    Size  Location     Type
  timerVal        2    0[COMRAM] unsigned int 
 Auto vars:     Size  Location     Type
		None
 Return value:  Size  Location     Type
                  1    wreg      void 
 Registers used:
		wreg, status,2
 Tracked objects:
		On entry : 
		On exit  : 
		Unchanged: 
 Data sizes:     COMRAM   BANK0   BANK1   BANK2   BANK3   BANK4   BANK5   BANK6   BANK7
      Params:         2       0       0       0       0       0       0       0       0
      Locals:         0       0       0       0       0       0       0       0       0
      Temps:          0       0       0       0       0       0       0       0       0
      Totals:         2       0       0       0       0       0       0       0       0
Total ram usage:        2 bytes
 Hardware stack levels used:    1
 This function calls:
		Nothing
 This function is called by:
		_TMR0_ISR
 This function uses a non-reentrant model


 *************** function _PIN_MANAGER_IOC *****************
 Defined at:
		line 14 in file "pin_manager.c"
 Parameters:    Size  Location     Type
		None
 Auto vars:     Size  Location     Type
		None
 Return value:  Size  Location     Type
                  1    wreg      void 
 Registers used:
		None
 Tracked objects:
		On entry : 
		On exit  : 
		Unchanged: 
 Data sizes:     COMRAM   BANK0   BANK1   BANK2   BANK3   BANK4   BANK5   BANK6   BANK7
      Params:         0       0       0       0       0       0       0       0       0
      Locals:         0       0       0       0       0       0       0       0       0
      Temps:          0       0       0       0       0       0       0       0       0
      Totals:         0       0       0       0       0       0       0       0       0
Total ram usage:        0 bytes
 Hardware stack levels used:    1
 This function calls:
		Nothing
 This function is called by:
		_INTERRUPT_InterruptManager
 This function uses a non-reentrant model


 *************** function _PIN_MANAGER_INT2 *****************
 Defined at:
		line 30 in file "pin_manager.c"
 Parameters:    Size  Location     Type
		None
 Auto vars:     Size  Location     Type
		None
 Return value:  Size  Location     Type
                  1    wreg      void 
 Registers used:
		None
 Tracked objects:
		On entry : 
		On exit  : 
		Unchanged: 
 Data sizes:     COMRAM   BANK0   BANK1   BANK2   BANK3   BANK4   BANK5   BANK6   BANK7
      Params:         0       0       0       0       0       0       0       0       0
      Locals:         0       0       0       0       0       0       0       0       0
      Temps:          0       0       0       0       0       0       0       0       0
      Totals:         0       0       0       0       0       0       0       0       0
Total ram usage:        0 bytes
 Hardware stack levels used:    1
 This function calls:
		Nothing
 This function is called by:
		_INTERRUPT_InterruptManager
 This function uses a non-reentrant model


 *************** function _PIN_MANAGER_INT1 *****************
 Defined at:
		line 25 in file "pin_manager.c"
 Parameters:    Size  Location     Type
		None
 Auto vars:     Size  Location     Type
		None
 Return value:  Size  Location     Type
                  1    wreg      void 
 Registers used:
		None
 Tracked objects:
		On entry : 
		On exit  : 
		Unchanged: 
 Data sizes:     COMRAM   BANK0   BANK1   BANK2   BANK3   BANK4   BANK5   BANK6   BANK7
      Params:         0       0       0       0       0       0       0       0       0
      Locals:         0       0       0       0       0       0       0       0       0
      Temps:          0       0       0       0       0       0       0       0       0
      Totals:         0       0       0       0       0       0       0       0       0
Total ram usage:        0 bytes
 Hardware stack levels used:    1
 This function calls:
		Nothing
 This function is called by:
		_INTERRUPT_InterruptManager
 This function uses a non-reentrant model


 *************** function _PIN_MANAGER_INT0 *****************
 Defined at:
		line 20 in file "pin_manager.c"
 Parameters:    Size  Location     Type
		None
 Auto vars:     Size  Location     Type
		None
 Return value:  Size  Location     Type
                  1    wreg      void 
 Registers used:
		None
 Tracked objects:
		On entry : 
		On exit  : 
		Unchanged: 
 Data sizes:     COMRAM   BANK0   BANK1   BANK2   BANK3   BANK4   BANK5   BANK6   BANK7
      Params:         0       0       0       0       0       0       0       0       0
      Locals:         0       0       0       0       0       0       0       0       0
      Temps:          0       0       0       0       0       0       0       0       0
      Totals:         0       0       0       0       0       0       0       0       0
Total ram usage:        0 bytes
 Hardware stack levels used:    1
 This function calls:
		Nothing
 This function is called by:
		_INTERRUPT_InterruptManager
 This function uses a non-reentrant model


 *************** function _MEMORY_ISR *****************
 Defined at:
		line 198 in file "memory.c"
 Parameters:    Size  Location     Type
		None
 Auto vars:     Size  Location     Type
		None
 Return value:  Size  Location     Type
                  1    wreg      void 
 Registers used:
		None
 Tracked objects:
		On entry : 
		On exit  : 
		Unchanged: 
 Data sizes:     COMRAM   BANK0   BANK1   BANK2   BANK3   BANK4   BANK5   BANK6   BANK7
      Params:         0       0       0       0       0       0       0       0       0
      Locals:         0       0       0       0       0       0       0       0       0
      Temps:          0       0       0       0       0       0       0       0       0
      Totals:         0       0       0       0       0       0       0       0       0
Total ram usage:        0 bytes
 Hardware stack levels used:    1
 This function calls:
		Nothing
 This function is called by:
		_INTERRUPT_InterruptManager
 This function uses a non-reentrant model


 *************** function _I2C1_ISR *****************
 Defined at:
		line 236 in file "i2c1.c"
 Parameters:    Size  Location     Type
		None
 Auto vars:     Size  Location     Type
		None
 Return value:  Size  Location     Type
                  1    wreg      void 
 Registers used:
		wreg, fsr2l, fsr2h, status,2, status,0, cstack
 Tracked objects:
		On entry : 
		On exit  : 
		Unchanged: 
 Data sizes:     COMRAM   BANK0   BANK1   BANK2   BANK3   BANK4   BANK5   BANK6   BANK7
      Params:         0       0       0       0       0       0       0       0       0
      Locals:         0       0       0       0       0       0       0       0       0
      Temps:          2       0       0       0       0       0       0       0       0
      Totals:         2       0       0       0       0       0       0       0       0
Total ram usage:        2 bytes
 Hardware stack levels used:    1
 Hardware stack levels required when called:    1
 This function calls:
		_I2C1_FunctionComplete
		_I2C1_Stop
 This function is called by:
		_INTERRUPT_InterruptManager
 This function uses a non-reentrant model


 *************** function _I2C1_Stop *****************
 Defined at:
		line 584 in file "i2c1.c"
 Parameters:    Size  Location     Type
  completion_c    1    wreg     enum E5248
 Auto vars:     Size  Location     Type
  completion_c    1    0[COMRAM] enum E5248
 Return value:  Size  Location     Type
                  1    wreg      void 
 Registers used:
		wreg, fsr2l, fsr2h, status,2, status,0
 Tracked objects:
		On entry : 
		On exit  : 
		Unchanged: 
 Data sizes:     COMRAM   BANK0   BANK1   BANK2   BANK3   BANK4   BANK5   BANK6   BANK7
      Params:         0       0       0       0       0       0       0       0       0
      Locals:         0       0       0       0       0       0       0       0       0
      Temps:          0       0       0       0       0       0       0       0       0
      Totals:         0       0       0       0       0       0       0       0       0
Total ram usage:        0 bytes
 Hardware stack levels used:    1
 This function calls:
		Nothing
 This function is called by:
		_I2C1_ISR
 This function uses a non-reentrant model


 *************** function _I2C1_FunctionComplete *****************
 Defined at:
		line 566 in file "i2c1.c"
 Parameters:    Size  Location     Type
		None
 Auto vars:     Size  Location     Type
		None
 Return value:  Size  Location     Type
                  1    wreg      void 
 Registers used:
		wreg, status,2, status,0
 Tracked objects:
		On entry : 
		On exit  : 
		Unchanged: 
 Data sizes:     COMRAM   BANK0   BANK1   BANK2   BANK3   BANK4   BANK5   BANK6   BANK7
      Params:         0       0       0       0       0       0       0       0       0
      Locals:         0       0       0       0       0       0       0       0       0
      Temps:          0       0       0       0       0       0       0       0       0
      Totals:         0       0       0       0       0       0       0       0       0
Total ram usage:        0 bytes
 Hardware stack levels used:    1
 This function calls:
		Nothing
 This function is called by:
		_I2C1_ISR
 This function uses a non-reentrant model


 *************** function _I2C1_BusCollisionISR *****************
 Defined at:
		line 731 in file "i2c1.c"
 Parameters:    Size  Location     Type
		None
 Auto vars:     Size  Location     Type
		None
 Return value:  Size  Location     Type
                  1    wreg      void 
 Registers used:
		None
 Tracked objects:
		On entry : 
		On exit  : 
		Unchanged: 
 Data sizes:     COMRAM   BANK0   BANK1   BANK2   BANK3   BANK4   BANK5   BANK6   BANK7
      Params:         0       0       0       0       0       0       0       0       0
      Locals:         0       0       0       0       0       0       0       0       0
      Temps:          0       0       0       0       0       0       0       0       0
      Totals:         0       0       0       0       0       0       0       0       0
Total ram usage:        0 bytes
 Hardware stack levels used:    1
 This function calls:
		Nothing
 This function is called by:
		_INTERRUPT_InterruptManager
 This function uses a non-reentrant model


 *************** function _EUSART1_Transmit_ISR *****************
 Defined at:
		line 149 in file "eusart1.c"
 Parameters:    Size  Location     Type
		None
 Auto vars:     Size  Location     Type
		None
 Return value:  Size  Location     Type
                  1    wreg      void 
 Registers used:
		wreg, fsr2l, fsr2h, status,2, status,0, prodl, prodh
 Tracked objects:
		On entry : 
		On exit  : 
		Unchanged: 
 Data sizes:     COMRAM   BANK0   BANK1   BANK2   BANK3   BANK4   BANK5   BANK6   BANK7
      Params:         0       0       0       0       0       0       0       0       0
      Locals:         0       0       0       0       0       0       0       0       0
      Temps:          0       0       0       0       0       0       0       0       0
      Totals:         0       0       0       0       0       0       0       0       0
Total ram usage:        0 bytes
 Hardware stack levels used:    1
 This function calls:
		Nothing
 This function is called by:
		_INTERRUPT_InterruptManager
 This function uses a non-reentrant model


 *************** function _EUSART1_Receive_ISR *****************
 Defined at:
		line 168 in file "eusart1.c"
 Parameters:    Size  Location     Type
		None
 Auto vars:     Size  Location     Type
		None
 Return value:  Size  Location     Type
                  1    wreg      void 
 Registers used:
		None
 Tracked objects:
		On entry : 
		On exit  : 
		Unchanged: 
 Data sizes:     COMRAM   BANK0   BANK1   BANK2   BANK3   BANK4   BANK5   BANK6   BANK7
      Params:         0       0       0       0       0       0       0       0       0
      Locals:         0       0       0       0       0       0       0       0       0
      Temps:          0       0       0       0       0       0       0       0       0
      Totals:         0       0       0       0       0       0       0       0       0
Total ram usage:        0 bytes
 Hardware stack levels used:    1
 This function calls:
		Nothing
 This function is called by:
		_INTERRUPT_InterruptManager
 This function uses a non-reentrant model


 *************** function _ADC_ISR *****************
 Defined at:
		line 132 in file "adc.c"
 Parameters:    Size  Location     Type
		None
 Auto vars:     Size  Location     Type
		None
 Return value:  Size  Location     Type
                  1    wreg      void 
 Registers used:
		None
 Tracked objects:
		On entry : 
		On exit  : 
		Unchanged: 
 Data sizes:     COMRAM   BANK0   BANK1   BANK2   BANK3   BANK4   BANK5   BANK6   BANK7
      Params:         0       0       0       0       0       0       0       0       0
      Locals:         0       0       0       0       0       0       0       0       0
      Temps:          0       0       0       0       0       0       0       0       0
      Totals:         0       0       0       0       0       0       0       0       0
Total ram usage:        0 bytes
 Hardware stack levels used:    1
 This function calls:
		Nothing
 This function is called by:
		_INTERRUPT_InterruptManager
 This function uses a non-reentrant model



MODULE INFORMATION

Module		Function		Class		Link	Load	Size
XLCD/setddram.c
		_SetDDRamAddr  		CODE           	24F4	0000	83

XLCD/setddram.c estimated size: 83

tmr3.c
		_TMR3_ISR      		CODE           	26F0	0000	47
		_TMR3_DefaultInterruptHandler		CODE           	285C	0000	3

tmr3.c estimated size: 50

tmr1.c
		_TMR1_ISR      		CODE           	2860	0000	3

tmr1.c estimated size: 3

user_xlcd.c
		_XLCD_Initialize		CODE           	264A	0000	61
		_DelayFor18TCY 		CODE           	2848	0000	9
		_DelayPORXLCD  		CODE           	27F2	0000	19

user_xlcd.c estimated size: 89

C:\Program Files (x86)\Microchip\xc8\v1.43\sources\common\lwdiv.c
		___lwdiv       		CODE           	24A2	0000	83

C:\Program Files (x86)\Microchip\xc8\v1.43\sources\common\lwdiv.c estimated size: 83

XLCD/openxlcd.c
		_OpenXLCD      		CODE           	2296	0000	165

XLCD/openxlcd.c estimated size: 165

XLCD/wcmdxlcd.c
		_WriteCmdXLCD  		CODE           	260C	0000	63

XLCD/wcmdxlcd.c estimated size: 63

XLCD/busyxlcd.c
		_BusyXLCD      		CODE           	2686	0000	59

XLCD/busyxlcd.c estimated size: 59

adc.c
		_ADC_GetConversion		CODE           	26C0	0000	49
		_ADC_ISR       		CODE           	286E	0000	3

adc.c estimated size: 52

C:\Program Files (x86)\Microchip\xc8\v1.43\sources\common\doprnt.c
		_sprintf       		CODE           	203E	0000	329

C:\Program Files (x86)\Microchip\xc8\v1.43\sources\common\doprnt.c estimated size: 329

tmr2.c
		_TMR2_ISR      		CODE           	285E	0000	3

tmr2.c estimated size: 3

eusart1.c
		_EUSART1_Receive_ISR		CODE           	283E	0000	11
		_EUSART1_Transmit_ISR		CODE           	271E	0000	47

eusart1.c estimated size: 58

tmr0.c
		_TMR0_WriteTimer		CODE           	2820	0000	11
		_TMR0_StartTimer		CODE           	2858	0000	5
		_TMR0_ISR      		CODE           	279C	0000	25
		_TMR0_Initialize		CODE           	2768	0000	27

tmr0.c estimated size: 68

i2c1.c
		_I2C1_BusCollisionISR		CODE           	286C	0000	3
		_I2C1_FunctionComplete		CODE           	2782	0000	27
		_I2C1_ISR      		CODE           	1C86	0000	595
		_I2C1_Stop     		CODE           	2850	0000	9

i2c1.c estimated size: 634

shared
		i2_TMR0_WriteTimer		CODE           	2834	0000	11
		_dpowers       		MEDIUMCONST    	7ED7	0000	11
		__initialization		CODE           	2546	0000	57

shared estimated size: 79

mcc.c
		_OSCILLATOR_Initialize		CODE           	282A	0000	11
		_SYSTEM_Initialize		CODE           	27B4	0000	23

mcc.c estimated size: 34

C:\Program Files (x86)\Microchip\xc8\v1.43\sources\pic18\d10ktcyx.c
		_Delay10KTCYx  		CODE           	27CA	0000	23

C:\Program Files (x86)\Microchip\xc8\v1.43\sources\pic18\d10ktcyx.c estimated size: 23

XLCD/putsxlcd.c
		_putsXLCD      		CODE           	239A	0000	93

XLCD/putsxlcd.c estimated size: 93

interrupt_manager.c
		_INTERRUPT_Initialize		CODE           	274C	0000	29
		_INTERRUPT_InterruptManager		CODE           	0008	0000	365

interrupt_manager.c estimated size: 394

XLCD/writdata.c
		_WriteDataXLCD 		CODE           	25CE	0000	63

XLCD/writdata.c estimated size: 63

pin_manager.c
		_PIN_MANAGER_Initialize		CODE           	2814	0000	13
		_PIN_MANAGER_IOC		CODE           	2862	0000	3
		_PIN_MANAGER_INT0		CODE           	2868	0000	3
		_PIN_MANAGER_INT1		CODE           	2866	0000	3
		_PIN_MANAGER_INT2		CODE           	2864	0000	3

pin_manager.c estimated size: 25

C:\Program Files (x86)\Microchip\xc8\v1.43\sources\common\lwmod.c
		___lwmod       		CODE           	258C	0000	67

C:\Program Files (x86)\Microchip\xc8\v1.43\sources\common\lwmod.c estimated size: 67

main.c
		_juego2        		CODE           	0E72	0000	1803
		_main          		CODE           	233A	0000	97
		_printscore    		CODE           	23F6	0000	87
		_printCharacter		CODE           	27E0	0000	19
		_juego3        		CODE           	0012	0000	1863
		_changeStages  		CODE           	2186	0000	273
		_createCharacter		CODE           	244C	0000	87
		_juego1        		CODE           	157C	0000	1803
		_juego4        		CODE           	0758	0000	1819

main.c estimated size: 7851

memory.c
		_MEMORY_ISR    		CODE           	286A	0000	3

memory.c estimated size: 3

